// Jest Snapshot v1, https://goo.gl/fbAQLP

exports[`Integration tests of the MainPage it should match the snapshot 1`] = `
<div>
  <div
    class="root-container"
  >
    <header
      class="root-container__header"
    >
      <div
        class="header-container"
      >
        <h1>
          GiTrend
        </h1>
      </div>
    </header>
    <main
      class="root-container__content"
    >
      <section
        class="trending-devs-container"
      >
        <h2>
          Trending Developers
        </h2>
        <div
          class="sc-bdvvtL dvUyWp"
        >
          <div
            class="sc-gsDKAQ jMWrOX"
            data-testid="@ListView/scrollSlot"
          >
            <div
              class="avatar-container"
              data-testid="@AvatarDev/container"
            >
              <button
                aria-label="GitHub of user1"
                class="avatar-container__button"
                data-testid="@AvatarDev/button"
                style="background-image: url(https://avatars.githubusercontent.com/u/6154722?v=4);"
              />
              <div
                class="avatar-container__label"
                data-testid="@AvatarDev/label"
              >
                user1
              </div>
            </div>
            <div
              class="avatar-container"
              data-testid="@AvatarDev/container"
            >
              <button
                aria-label="GitHub of user2"
                class="avatar-container__button"
                data-testid="@AvatarDev/button"
                style="background-image: url(https://avatars.githubusercontent.com/u/6154722?v=4);"
              />
              <div
                class="avatar-container__label"
                data-testid="@AvatarDev/label"
              >
                user2
              </div>
            </div>
          </div>
          <button
            class="sc-hKwDye iMvXya"
          >
            <i
              class="fas fa-angle-left"
            />
          </button>
          <button
            class="sc-dkPtRN fyxqWQ"
          >
            <i
              class="fas fa-angle-right"
            />
          </button>
        </div>
      </section>
      <section
        class="trending-repos-container"
      >
        <div
          class="trending-repos-container__header"
        >
          <h2>
            Trending Repositories
          </h2>
          <div
            class="tools"
          >
            <div
              class="search-box"
            >
              <input
                aria-label="Search input. Type and press enter to search"
                class="search-box__input"
                data-testid="@SearchInput"
                placeholder="Type and press enter to search..."
                type="search"
                value=""
              />
              <img
                alt="search"
                src="search-icon.svg"
              />
            </div>
            <details
              aria-label="Select the language to search"
              class="select"
              data-testid="@SelectionMenu/container"
            >
              <summary
                class="select__summary"
                data-testid="@SelectionMenu/summary"
                role="button"
              >
                Language:
                 
                <span
                  class="select__text"
                >
                  Any
                </span>
              </summary>
              <div
                class="menu"
              >
                <div
                  class="menu__content"
                >
                  <p
                    class="menu__label"
                  >
                    Select the language to search
                  </p>
                  <button
                    aria-label="Select Any option"
                    class="menu__item"
                    data-testid="@SelectionMenu/item"
                    id="any"
                  >
                    <i
                      class="fas fa-check"
                      style="opacity: 1;"
                    />
                       
                    Any
                  </button>
                  <button
                    aria-label="Select Assembly option"
                    class="menu__item"
                    data-testid="@SelectionMenu/item"
                    id="assembly"
                  >
                    <i
                      class="fas fa-check"
                      style="opacity: 0;"
                    />
                       
                    Assembly
                  </button>
                  <button
                    aria-label="Select C++ option"
                    class="menu__item"
                    data-testid="@SelectionMenu/item"
                    id="cpp"
                  >
                    <i
                      class="fas fa-check"
                      style="opacity: 0;"
                    />
                       
                    C++
                  </button>
                  <button
                    aria-label="Select C# option"
                    class="menu__item"
                    data-testid="@SelectionMenu/item"
                    id="csharp"
                  >
                    <i
                      class="fas fa-check"
                      style="opacity: 0;"
                    />
                       
                    C#
                  </button>
                  <button
                    aria-label="Select Dart option"
                    class="menu__item"
                    data-testid="@SelectionMenu/item"
                    id="dart"
                  >
                    <i
                      class="fas fa-check"
                      style="opacity: 0;"
                    />
                       
                    Dart
                  </button>
                  <button
                    aria-label="Select Javascript option"
                    class="menu__item"
                    data-testid="@SelectionMenu/item"
                    id="javascript"
                  >
                    <i
                      class="fas fa-check"
                      style="opacity: 0;"
                    />
                       
                    Javascript
                  </button>
                  <button
                    aria-label="Select Typescript option"
                    class="menu__item"
                    data-testid="@SelectionMenu/item"
                    id="typescript"
                  >
                    <i
                      class="fas fa-check"
                      style="opacity: 0;"
                    />
                       
                    Typescript
                  </button>
                </div>
              </div>
            </details>
            <button
              class="clear-button"
              data-testid="@ClearSearchFilters"
            >
              <i
                class="fas fa-times fa-lg clear-button__icon"
              />
               Clear search filters
            </button>
            <div
              class="favorite-filter"
            >
              <label
                aria-label="Show only your favorite repositories"
                class="sc-jRQBWg krnHGF"
                data-testid="@Switch/container"
                tabindex="0"
              >
                <input
                  data-testid="@Switch/checkbox"
                  type="checkbox"
                />
                <span />
              </label>
              <span>
                Show only favorites
              </span>
            </div>
          </div>
        </div>
        <div
          class="trending-repos-container__grid"
          style=""
        >
          <div
            class="card"
            data-testid="@CardRepository/container"
          >
            <button
              aria-label="Make the test1 repository as favorite"
              class="card__favorite"
              data-testid="@CardRepository/favorite"
            >
              <i
                class="far fa-heart fa-lg"
              />
            </button>
            <div
              class="card__title"
            >
              <svg
                aria-label="repository icon"
                data-view-component="true"
                height="16"
                role="img"
                version="1.1"
                viewBox="0 0 16 16"
                width="16"
              >
                <path
                  d="M2 2.5A2.5 2.5 0 014.5 0h8.75a.75.75 0 01.75.75v12.5a.75.75 0 01-.75.75h-2.5a.75.75 0 110-1.5h1.75v-2h-8a1 1 0 00-.714 1.7.75.75 0 01-1.072 1.05A2.495 2.495 0 012 11.5v-9zm10.5-1V9h-8c-.356 0-.694.074-1 .208V2.5a1 1 0 011-1h8zM5 12.25v3.25a.25.25 0 00.4.2l1.45-1.087a.25.25 0 01.3 0L8.6 15.7a.25.25 0 00.4-.2v-3.25a.25.25 0 00-.25-.25h-3.5a.25.25 0 00-.25.25z"
                  fill-rule="evenodd"
                />
              </svg>
              <span>
                   test1
              </span>
            </div>
            <div
              class="card__content"
            >
              The new Windows Terminal and the original Windows console host, all in the same place!
            </div>
            <div
              class="card__url"
            >
              <a
                href="https://github.com/user1/terminal"
                rel="noreferrer"
                target="_blank"
              >
                 https://github.com/user1/terminal
              </a>
            </div>
            <div
              class="card__footer"
            >
              <span>
                 C++
              </span>
              <span
                class="card__stars"
              >
                <svg
                  aria-label="star icon"
                  data-view-component="true"
                  height="12"
                  role="img"
                  version="1.1"
                  viewBox="0 0 16 16"
                  width="12"
                >
                  <path
                    d="M8 .25a.75.75 0 01.673.418l1.882 3.815 4.21.612a.75.75 0 01.416 1.279l-3.046 2.97.719 4.192a.75.75 0 01-1.088.791L8 12.347l-3.766 1.98a.75.75 0 01-1.088-.79l.72-4.194L.818 6.374a.75.75 0 01.416-1.28l4.21-.611L7.327.668A.75.75 0 018 .25zm0 2.445L6.615 5.5a.75.75 0 01-.564.41l-3.097.45 2.24 2.184a.75.75 0 01.216.664l-.528 3.084 2.769-1.456a.75.75 0 01.698 0l2.77 1.456-.53-3.084a.75.75 0 01.216-.664l2.24-2.183-3.096-.45a.75.75 0 01-.564-.41L8 2.694v.001z"
                    fill-rule="evenodd"
                  />
                </svg>
                  80,238
              </span>
              <span
                class="card__fork"
              >
                <svg
                  aria-label="fork icon"
                  data-view-component="true"
                  height="12"
                  role="img"
                  version="1.1"
                  viewBox="0 0 16 16"
                  width="12"
                >
                  <path
                    d="M5 3.25a.75.75 0 11-1.5 0 .75.75 0 011.5 0zm0 2.122a2.25 2.25 0 10-1.5 0v.878A2.25 2.25 0 005.75 8.5h1.5v2.128a2.251 2.251 0 101.5 0V8.5h1.5a2.25 2.25 0 002.25-2.25v-.878a2.25 2.25 0 10-1.5 0v.878a.75.75 0 01-.75.75h-4.5A.75.75 0 015 6.25v-.878zm3.75 7.378a.75.75 0 11-1.5 0 .75.75 0 011.5 0zm3-8.75a.75.75 0 100-1.5.75.75 0 000 1.5z"
                    fill-rule="evenodd"
                  />
                </svg>
                  7,169
              </span>
            </div>
          </div>
          <div
            class="card"
            data-testid="@CardRepository/container"
          >
            <button
              aria-label="Make the test2 repository as favorite"
              class="card__favorite"
              data-testid="@CardRepository/favorite"
            >
              <i
                class="far fa-heart fa-lg"
              />
            </button>
            <div
              class="card__title"
            >
              <svg
                aria-label="repository icon"
                data-view-component="true"
                height="16"
                role="img"
                version="1.1"
                viewBox="0 0 16 16"
                width="16"
              >
                <path
                  d="M2 2.5A2.5 2.5 0 014.5 0h8.75a.75.75 0 01.75.75v12.5a.75.75 0 01-.75.75h-2.5a.75.75 0 110-1.5h1.75v-2h-8a1 1 0 00-.714 1.7.75.75 0 01-1.072 1.05A2.495 2.495 0 012 11.5v-9zm10.5-1V9h-8c-.356 0-.694.074-1 .208V2.5a1 1 0 011-1h8zM5 12.25v3.25a.25.25 0 00.4.2l1.45-1.087a.25.25 0 01.3 0L8.6 15.7a.25.25 0 00.4-.2v-3.25a.25.25 0 00-.25-.25h-3.5a.25.25 0 00-.25.25z"
                  fill-rule="evenodd"
                />
              </svg>
              <span>
                   test2
              </span>
            </div>
            <div
              class="card__content"
            >
              Terminal Emulator for Visual Studio
            </div>
            <div
              class="card__url"
            >
              <a
                href="https://github.com/user2/test2"
                rel="noreferrer"
                target="_blank"
              >
                 https://github.com/user2/test2
              </a>
            </div>
            <div
              class="card__footer"
            >
              <span>
                 C#
              </span>
              <span
                class="card__stars"
              >
                <svg
                  aria-label="star icon"
                  data-view-component="true"
                  height="12"
                  role="img"
                  version="1.1"
                  viewBox="0 0 16 16"
                  width="12"
                >
                  <path
                    d="M8 .25a.75.75 0 01.673.418l1.882 3.815 4.21.612a.75.75 0 01.416 1.279l-3.046 2.97.719 4.192a.75.75 0 01-1.088.791L8 12.347l-3.766 1.98a.75.75 0 01-1.088-.79l.72-4.194L.818 6.374a.75.75 0 01.416-1.28l4.21-.611L7.327.668A.75.75 0 018 .25zm0 2.445L6.615 5.5a.75.75 0 01-.564.41l-3.097.45 2.24 2.184a.75.75 0 01.216.664l-.528 3.084 2.769-1.456a.75.75 0 01.698 0l2.77 1.456-.53-3.084a.75.75 0 01.216-.664l2.24-2.183-3.096-.45a.75.75 0 01-.564-.41L8 2.694v.001z"
                    fill-rule="evenodd"
                  />
                </svg>
                  166
              </span>
              <span
                class="card__fork"
              >
                <svg
                  aria-label="fork icon"
                  data-view-component="true"
                  height="12"
                  role="img"
                  version="1.1"
                  viewBox="0 0 16 16"
                  width="12"
                >
                  <path
                    d="M5 3.25a.75.75 0 11-1.5 0 .75.75 0 011.5 0zm0 2.122a2.25 2.25 0 10-1.5 0v.878A2.25 2.25 0 005.75 8.5h1.5v2.128a2.251 2.251 0 101.5 0V8.5h1.5a2.25 2.25 0 002.25-2.25v-.878a2.25 2.25 0 10-1.5 0v.878a.75.75 0 01-.75.75h-4.5A.75.75 0 015 6.25v-.878zm3.75 7.378a.75.75 0 11-1.5 0 .75.75 0 011.5 0zm3-8.75a.75.75 0 100-1.5.75.75 0 000 1.5z"
                    fill-rule="evenodd"
                  />
                </svg>
                  32
              </span>
            </div>
          </div>
          <div
            class="card"
            data-testid="@CardRepository/container"
          >
            <button
              aria-label="Make the test3 repository as favorite"
              class="card__favorite"
              data-testid="@CardRepository/favorite"
            >
              <i
                class="far fa-heart fa-lg"
              />
            </button>
            <div
              class="card__title"
            >
              <svg
                aria-label="repository icon"
                data-view-component="true"
                height="16"
                role="img"
                version="1.1"
                viewBox="0 0 16 16"
                width="16"
              >
                <path
                  d="M2 2.5A2.5 2.5 0 014.5 0h8.75a.75.75 0 01.75.75v12.5a.75.75 0 01-.75.75h-2.5a.75.75 0 110-1.5h1.75v-2h-8a1 1 0 00-.714 1.7.75.75 0 01-1.072 1.05A2.495 2.495 0 012 11.5v-9zm10.5-1V9h-8c-.356 0-.694.074-1 .208V2.5a1 1 0 011-1h8zM5 12.25v3.25a.25.25 0 00.4.2l1.45-1.087a.25.25 0 01.3 0L8.6 15.7a.25.25 0 00.4-.2v-3.25a.25.25 0 00-.25-.25h-3.5a.25.25 0 00-.25.25z"
                  fill-rule="evenodd"
                />
              </svg>
              <span>
                   test3
              </span>
            </div>
            <div
              class="card__content"
            >
              🚀 test3 is a small (less than 1KB) helper around React 16s new context api
            </div>
            <div
              class="card__url"
            >
              <a
                href="https://github.com/user2/test3"
                rel="noreferrer"
                target="_blank"
              >
                 https://github.com/user2/test3
              </a>
            </div>
            <div
              class="card__footer"
            >
              <span>
                 JavaScript
              </span>
              <span
                class="card__stars"
              >
                <svg
                  aria-label="star icon"
                  data-view-component="true"
                  height="12"
                  role="img"
                  version="1.1"
                  viewBox="0 0 16 16"
                  width="12"
                >
                  <path
                    d="M8 .25a.75.75 0 01.673.418l1.882 3.815 4.21.612a.75.75 0 01.416 1.279l-3.046 2.97.719 4.192a.75.75 0 01-1.088.791L8 12.347l-3.766 1.98a.75.75 0 01-1.088-.79l.72-4.194L.818 6.374a.75.75 0 01.416-1.28l4.21-.611L7.327.668A.75.75 0 018 .25zm0 2.445L6.615 5.5a.75.75 0 01-.564.41l-3.097.45 2.24 2.184a.75.75 0 01.216.664l-.528 3.084 2.769-1.456a.75.75 0 01.698 0l2.77 1.456-.53-3.084a.75.75 0 01.216-.664l2.24-2.183-3.096-.45a.75.75 0 01-.564-.41L8 2.694v.001z"
                    fill-rule="evenodd"
                  />
                </svg>
                  646
              </span>
              <span
                class="card__fork"
              >
                <svg
                  aria-label="fork icon"
                  data-view-component="true"
                  height="12"
                  role="img"
                  version="1.1"
                  viewBox="0 0 16 16"
                  width="12"
                >
                  <path
                    d="M5 3.25a.75.75 0 11-1.5 0 .75.75 0 011.5 0zm0 2.122a2.25 2.25 0 10-1.5 0v.878A2.25 2.25 0 005.75 8.5h1.5v2.128a2.251 2.251 0 101.5 0V8.5h1.5a2.25 2.25 0 002.25-2.25v-.878a2.25 2.25 0 10-1.5 0v.878a.75.75 0 01-.75.75h-4.5A.75.75 0 015 6.25v-.878zm3.75 7.378a.75.75 0 11-1.5 0 .75.75 0 011.5 0zm3-8.75a.75.75 0 100-1.5.75.75 0 000 1.5z"
                    fill-rule="evenodd"
                  />
                </svg>
                  31
              </span>
            </div>
          </div>
        </div>
        <div
          class="trending-repos-container__footer"
        >
          <div
            class="pagination-bar"
            data-testid="@PaginationBar/container"
          >
            <span
              class="pagination-bar__button-panel"
            >
              <button
                aria-label="Back to the first page"
                class="pagination-bar__button"
                data-testid="@PaginationBar/first-page"
                disabled=""
              >
                <i
                  class="fas fa-angle-double-left fa-lg"
                />
              </button>
              <button
                aria-label="Back to the previous page"
                class="pagination-bar__button"
                data-testid="@PaginationBar/previous-page"
                disabled=""
              >
                <i
                  class="fas fa-angle-left fa-lg"
                />
              </button>
              <span
                class="pagination-bar__label"
              >
                1 of 1
              </span>
              <button
                aria-label="Go to the next page"
                class="pagination-bar__button"
                data-testid="@PaginationBar/next-page"
                disabled=""
              >
                <i
                  class="fas fa-angle-right fa-lg"
                />
              </button>
              <button
                aria-label="Go to the last page"
                class="pagination-bar__button"
                data-testid="@PaginationBar/last-page"
                disabled=""
              >
                <i
                  class="fas fa-angle-double-right fa-lg"
                />
              </button>
            </span>
          </div>
        </div>
      </section>
    </main>
    <footer
      class="root-container__footer"
    />
  </div>
</div>
`;
